<?xml version="1.0" encoding="utf-8"?><testsuites name="pytest tests"><testsuite name="pytest" errors="0" failures="0" skipped="1" tests="44" time="8.062" timestamp="2025-10-24T19:00:06.821009-07:00" hostname="barbell"><testcase classname="tests.test_data" name="test_get_batch" time="0.417" /><testcase classname="tests.test_model" name="test_linear" time="0.402" /><testcase classname="tests.test_model" name="test_embedding" time="0.014" /><testcase classname="tests.test_model" name="test_swiglu" time="0.032" /><testcase classname="tests.test_model" name="test_scaled_dot_product_attention" time="0.041" /><testcase classname="tests.test_model" name="test_4d_scaled_dot_product_attention" time="0.039" /><testcase classname="tests.test_model" name="test_multihead_self_attention" time="0.070" /><testcase classname="tests.test_model" name="test_multihead_self_attention_with_rope" time="0.009" /><testcase classname="tests.test_model" name="test_transformer_lm" time="0.068" /><testcase classname="tests.test_model" name="test_transformer_lm_truncated_input" time="0.149" /><testcase classname="tests.test_model" name="test_transformer_block" time="0.009" /><testcase classname="tests.test_model" name="test_rmsnorm" time="0.005" /><testcase classname="tests.test_model" name="test_rope" time="0.002" /><testcase classname="tests.test_model" name="test_silu_matches_pytorch" time="0.000" /><testcase classname="tests.test_nn_utils" name="test_softmax_matches_pytorch" time="0.001" /><testcase classname="tests.test_nn_utils" name="test_cross_entropy" time="0.001" /><testcase classname="tests.test_nn_utils" name="test_gradient_clipping" time="0.002" /><testcase classname="tests.test_optimizer" name="test_adamw" time="0.643" /><testcase classname="tests.test_optimizer" name="test_get_lr_cosine_schedule" time="0.000" /><testcase classname="tests.test_serialization" name="test_checkpointing" time="0.017" /><testcase classname="tests.test_tokenizer" name="test_roundtrip_empty" time="1.395" /><testcase classname="tests.test_tokenizer" name="test_empty_matches_tiktoken" time="0.134" /><testcase classname="tests.test_tokenizer" name="test_roundtrip_single_character" time="0.134" /><testcase classname="tests.test_tokenizer" name="test_single_character_matches_tiktoken" time="0.133" /><testcase classname="tests.test_tokenizer" name="test_roundtrip_single_unicode_character" time="0.132" /><testcase classname="tests.test_tokenizer" name="test_single_unicode_character_matches_tiktoken" time="0.132" /><testcase classname="tests.test_tokenizer" name="test_roundtrip_ascii_string" time="0.131" /><testcase classname="tests.test_tokenizer" name="test_ascii_string_matches_tiktoken" time="0.174" /><testcase classname="tests.test_tokenizer" name="test_roundtrip_unicode_string" time="0.126" /><testcase classname="tests.test_tokenizer" name="test_unicode_string_matches_tiktoken" time="0.169" /><testcase classname="tests.test_tokenizer" name="test_roundtrip_unicode_string_with_special_tokens" time="0.168" /><testcase classname="tests.test_tokenizer" name="test_unicode_string_with_special_tokens_matches_tiktoken" time="0.168" /><testcase classname="tests.test_tokenizer" name="test_address_roundtrip" time="0.123" /><testcase classname="tests.test_tokenizer" name="test_address_matches_tiktoken" time="0.123" /><testcase classname="tests.test_tokenizer" name="test_german_roundtrip" time="0.124" /><testcase classname="tests.test_tokenizer" name="test_german_matches_tiktoken" time="0.123" /><testcase classname="tests.test_tokenizer" name="test_tinystories_sample_roundtrip" time="0.122" /><testcase classname="tests.test_tokenizer" name="test_tinystories_matches_tiktoken" time="0.166" /><testcase classname="tests.test_tokenizer" name="test_encode_special_token_trailing_newlines" time="0.163" /><testcase classname="tests.test_tokenizer" name="test_encode_special_token_double_newline_non_whitespace" time="0.163" /><testcase classname="tests.test_tokenizer" name="test_encode_iterable_tinystories_sample_roundtrip" time="0.121" /><testcase classname="tests.test_tokenizer" name="test_encode_iterable_tinystories_matches_tiktoken" time="0.164" /><testcase classname="tests.test_tokenizer" name="test_encode_iterable_memory_usage" time="0.743" /><testcase classname="tests.test_tokenizer" name="test_encode_memory_usage" time="0.129"><skipped type="pytest.xfail" message="Tokenizer.encode is expected to take more memory than allotted (1MB)." /></testcase></testsuite></testsuites>